     a    b    c    d
0  1.0  2.0  NaN  NaN
1  NaN  NaN  3.0  4.0
